/var/tmp/pbench-test-tool-scripts/user-tool/tmp/foo42.stop /var/tmp/pbench-test-tool-scripts/user-tool/tools-group/user-tool-foo42
